// Validating benchmarks:
// ***** BenchmarkRunner: Start   *****
// ***** Found 1 benchmark(s) in total *****
// ***** Building 1 exe(s) in Parallel: Start   *****
// start dotnet  restore --nodeReuse:false /p:UseSharedCompilation=false /p:Deterministic=true /p:Optimize=true /p:ArtifactsPath="C:\Users\USER\Desktop\Work\SqliteVector.Net\benchmarks\SqliteVector.Net.Benchmarks\bin\Release\net10.0-windows\SqliteVector.Net.Benchmarks-1/" /p:OutDir="C:\Users\USER\Desktop\Work\SqliteVector.Net\benchmarks\SqliteVector.Net.Benchmarks\bin\Release\net10.0-windows\SqliteVector.Net.Benchmarks-1\bin\Release\net10.0-Windows7.0/" /p:OutputPath="C:\Users\USER\Desktop\Work\SqliteVector.Net\benchmarks\SqliteVector.Net.Benchmarks\bin\Release\net10.0-windows\SqliteVector.Net.Benchmarks-1\bin\Release\net10.0-Windows7.0/" /p:PublishDir="C:\Users\USER\Desktop\Work\SqliteVector.Net\benchmarks\SqliteVector.Net.Benchmarks\bin\Release\net10.0-windows\SqliteVector.Net.Benchmarks-1\publish/" in C:\Users\USER\Desktop\Work\SqliteVector.Net\benchmarks\SqliteVector.Net.Benchmarks\bin\Release\net10.0-windows\SqliteVector.Net.Benchmarks-1
// command took 0.9 sec and exited with 0
// start dotnet  build -c Release --no-restore --nodeReuse:false /p:UseSharedCompilation=false /p:Deterministic=true /p:Optimize=true /p:ArtifactsPath="C:\Users\USER\Desktop\Work\SqliteVector.Net\benchmarks\SqliteVector.Net.Benchmarks\bin\Release\net10.0-windows\SqliteVector.Net.Benchmarks-1/" /p:OutDir="C:\Users\USER\Desktop\Work\SqliteVector.Net\benchmarks\SqliteVector.Net.Benchmarks\bin\Release\net10.0-windows\SqliteVector.Net.Benchmarks-1\bin\Release\net10.0-Windows7.0/" /p:OutputPath="C:\Users\USER\Desktop\Work\SqliteVector.Net\benchmarks\SqliteVector.Net.Benchmarks\bin\Release\net10.0-windows\SqliteVector.Net.Benchmarks-1\bin\Release\net10.0-Windows7.0/" /p:PublishDir="C:\Users\USER\Desktop\Work\SqliteVector.Net\benchmarks\SqliteVector.Net.Benchmarks\bin\Release\net10.0-windows\SqliteVector.Net.Benchmarks-1\publish/" --output "C:\Users\USER\Desktop\Work\SqliteVector.Net\benchmarks\SqliteVector.Net.Benchmarks\bin\Release\net10.0-windows\SqliteVector.Net.Benchmarks-1\bin\Release\net10.0-Windows7.0/" in C:\Users\USER\Desktop\Work\SqliteVector.Net\benchmarks\SqliteVector.Net.Benchmarks\bin\Release\net10.0-windows\SqliteVector.Net.Benchmarks-1
// command took 4.53 sec and exited with 0
// ***** Done, took 00:00:05 (5.49 sec)   *****
// Found 1 benchmarks:
//   VectorSearchBenchmark.Search10000Vectors_Top10: ShortRun(IterationCount=3, LaunchCount=1, WarmupCount=3)

Setup power plan (GUID: 8c5e7fda-e8bf-4a96-9a85-a6e23a8c635c FriendlyName: 고성능)
// **************************
// Benchmark: VectorSearchBenchmark.Search10000Vectors_Top10: ShortRun(IterationCount=3, LaunchCount=1, WarmupCount=3)
// *** Execute ***
// Launch: 1 / 1
// Execute: dotnet SqliteVector.Net.Benchmarks-1.dll --anonymousPipes 1480 1476 --benchmarkName SqliteVector.Net.Benchmarks.VectorSearchBenchmark.Search10000Vectors_Top10 --job ShortRun --benchmarkId 0 in C:\Users\USER\Desktop\Work\SqliteVector.Net\benchmarks\SqliteVector.Net.Benchmarks\bin\Release\net10.0-windows\SqliteVector.Net.Benchmarks-1\bin\Release\net10.0-Windows7.0
// BeforeAnythingElse

// Benchmark Process Environment Information:
// BenchmarkDotNet v0.15.8
// Runtime=.NET 10.0.12 (10.0.12, 10.0.1226.42308), X64 RyuJIT x86-64-v3
// GC=Concurrent Workstation
// HardwareIntrinsics=AVX2+BMI1+BMI2+F16C+FMA+LZCNT+MOVBE,AVX,SSE3+SSSE3+SSE4.1+SSE4.2+POPCNT,X86Base+SSE+SSE2,AES+PCLMUL,AvxVnni,SERIALIZE VectorSize=256
// Job: ShortRun(IterationCount=3, LaunchCount=1, WarmupCount=3)

OverheadJitting  1: 1 op, 132800.00 ns, 132.8000 us/op
WorkloadJitting  1: 1 op, 29040200.00 ns, 29.0402 ms/op

OverheadJitting  2: 16 op, 153000.00 ns, 9.5625 us/op
WorkloadJitting  2: 16 op, 102382200.00 ns, 6.3989 ms/op

WorkloadPilot    1: 16 op, 97193700.00 ns, 6.0746 ms/op
WorkloadPilot    2: 32 op, 197286000.00 ns, 6.1652 ms/op
WorkloadPilot    3: 64 op, 287069500.00 ns, 4.4855 ms/op
WorkloadPilot    4: 128 op, 325449600.00 ns, 2.5426 ms/op
WorkloadPilot    5: 256 op, 660990900.00 ns, 2.5820 ms/op

OverheadWarmup   1: 256 op, 2400.00 ns, 9.3750 ns/op
OverheadWarmup   2: 256 op, 900.00 ns, 3.5156 ns/op
OverheadWarmup   3: 256 op, 700.00 ns, 2.7344 ns/op
OverheadWarmup   4: 256 op, 800.00 ns, 3.1250 ns/op
OverheadWarmup   5: 256 op, 700.00 ns, 2.7344 ns/op
OverheadWarmup   6: 256 op, 800.00 ns, 3.1250 ns/op
OverheadWarmup   7: 256 op, 1100.00 ns, 4.2969 ns/op
OverheadWarmup   8: 256 op, 800.00 ns, 3.1250 ns/op

OverheadActual   1: 256 op, 900.00 ns, 3.5156 ns/op
OverheadActual   2: 256 op, 1000.00 ns, 3.9063 ns/op
OverheadActual   3: 256 op, 1000.00 ns, 3.9063 ns/op
OverheadActual   4: 256 op, 800.00 ns, 3.1250 ns/op
OverheadActual   5: 256 op, 1200.00 ns, 4.6875 ns/op
OverheadActual   6: 256 op, 800.00 ns, 3.1250 ns/op
OverheadActual   7: 256 op, 700.00 ns, 2.7344 ns/op
OverheadActual   8: 256 op, 900.00 ns, 3.5156 ns/op
OverheadActual   9: 256 op, 800.00 ns, 3.1250 ns/op
OverheadActual  10: 256 op, 900.00 ns, 3.5156 ns/op
OverheadActual  11: 256 op, 1100.00 ns, 4.2969 ns/op
OverheadActual  12: 256 op, 800.00 ns, 3.1250 ns/op
OverheadActual  13: 256 op, 1500.00 ns, 5.8594 ns/op
OverheadActual  14: 256 op, 1000.00 ns, 3.9063 ns/op
OverheadActual  15: 256 op, 800.00 ns, 3.1250 ns/op
OverheadActual  16: 256 op, 800.00 ns, 3.1250 ns/op
OverheadActual  17: 256 op, 1100.00 ns, 4.2969 ns/op
OverheadActual  18: 256 op, 900.00 ns, 3.5156 ns/op
OverheadActual  19: 256 op, 1200.00 ns, 4.6875 ns/op
OverheadActual  20: 256 op, 700.00 ns, 2.7344 ns/op

WorkloadWarmup   1: 256 op, 667411700.00 ns, 2.6071 ms/op
WorkloadWarmup   2: 256 op, 655950900.00 ns, 2.5623 ms/op
WorkloadWarmup   3: 256 op, 669080500.00 ns, 2.6136 ms/op

// BeforeActualRun
WorkloadActual   1: 256 op, 667609400.00 ns, 2.6078 ms/op
WorkloadActual   2: 256 op, 686148800.00 ns, 2.6803 ms/op
WorkloadActual   3: 256 op, 675513900.00 ns, 2.6387 ms/op

// AfterActualRun
WorkloadResult   1: 256 op, 667608500.00 ns, 2.6078 ms/op
WorkloadResult   2: 256 op, 686147900.00 ns, 2.6803 ms/op
WorkloadResult   3: 256 op, 675513000.00 ns, 2.6387 ms/op
// GC:  4 0 0 83322880 256
// Threading:  0 0 256

// AfterAll
// Benchmark Process 37584 has exited with code 0.

Mean = 2.642 ms, StdErr = 0.021 ms (0.79%), N = 3, StdDev = 0.036 ms
Min = 2.608 ms, Q1 = 2.623 ms, Median = 2.639 ms, Q3 = 2.659 ms, Max = 2.680 ms
IQR = 0.036 ms, LowerFence = 2.569 ms, UpperFence = 2.714 ms
ConfidenceInterval = [1.979 ms; 3.305 ms] (CI 99.9%), Margin = 0.663 ms (25.09% of Mean)
Skewness = 0.1, Kurtosis = 0.67, MValue = 2

// ** Remained 0 (0.0%) benchmark(s) to run. Estimated finish 2026-09-21 14:32 (0h 0m from now) **
Successfully reverted power plan (GUID: 381b4222-f694-41f0-9685-ff5bb260df2e FriendlyName: 균형 조정)
// ***** BenchmarkRunner: Finish  *****

// * Export *
  BenchmarkDotNet.Artifacts\results\SqliteVector.Net.Benchmarks.VectorSearchBenchmark-report.csv
  BenchmarkDotNet.Artifacts\results\SqliteVector.Net.Benchmarks.VectorSearchBenchmark-report-github.md
  BenchmarkDotNet.Artifacts\results\SqliteVector.Net.Benchmarks.VectorSearchBenchmark-report.html

// * Detailed results *
VectorSearchBenchmark.Search10000Vectors_Top10: ShortRun(IterationCount=3, LaunchCount=1, WarmupCount=3)
Runtime = .NET 10.0.12 (10.0.12, 10.0.1226.42308), X64 RyuJIT x86-64-v3; GC = Concurrent Workstation
Mean = 2.642 ms, StdErr = 0.021 ms (0.79%), N = 3, StdDev = 0.036 ms
Min = 2.608 ms, Q1 = 2.623 ms, Median = 2.639 ms, Q3 = 2.659 ms, Max = 2.680 ms
IQR = 0.036 ms, LowerFence = 2.569 ms, UpperFence = 2.714 ms
ConfidenceInterval = [1.979 ms; 3.305 ms] (CI 99.9%), Margin = 0.663 ms (25.09% of Mean)
Skewness = 0.1, Kurtosis = 0.67, MValue = 2
-------------------- Histogram --------------------
[2.590 ms ; 2.656 ms) | @@
[2.656 ms ; 2.713 ms) | @
---------------------------------------------------

// * Summary *

BenchmarkDotNet v0.15.8, Windows 11 (10.0.26200.9457/25H2/2025Update/HudsonValley2)
Intel Core Ultra 7 270K Plus 3.70GHz, 1 CPU, 24 logical and 24 physical cores
.NET SDK 10.0.401
  [Host]   : .NET 10.0.12 (10.0.12, 10.0.1226.42308), X64 RyuJIT x86-64-v3
  ShortRun : .NET 10.0.12 (10.0.12, 10.0.1226.42308), X64 RyuJIT x86-64-v3

Job=ShortRun  IterationCount=3  LaunchCount=1  
WarmupCount=3  

| Method                   | Mean     | Error     | StdDev    | Gen0    | Allocated |
|------------------------- |---------:|----------:|----------:|--------:|----------:|
| Search10000Vectors_Top10 | 2.642 ms | 0.6630 ms | 0.0363 ms | 15.6250 | 317.85 KB |

// * Legends *
  Mean      : Arithmetic mean of all measurements
  Error     : Half of 99.9% confidence interval
  StdDev    : Standard deviation of all measurements
  Gen0      : GC Generation 0 collects per 1000 operations
  Allocated : Allocated memory per single operation (managed only, inclusive, 1KB = 1024B)
  1 ms      : 1 Millisecond (0.001 sec)

// * Diagnostic Output - MemoryDiagnoser *


// ***** BenchmarkRunner: End *****
Run time: 00:00:12 (12.07 sec), executed benchmarks: 1

Global total time: 00:00:17 (17.86 sec), executed benchmarks: 1
// * Artifacts cleanup *
Artifacts cleanup is finished
