// Validating benchmarks:
// ***** BenchmarkRunner: Start   *****
// ***** Found 1 benchmark(s) in total *****
// ***** Building 1 exe(s) in Parallel: Start   *****
// start dotnet  restore --nodeReuse:false /p:UseSharedCompilation=false /p:Deterministic=true /p:Optimize=true /p:ArtifactsPath="C:\Users\USER\Desktop\Work\SqliteVector.Net\benchmarks\SqliteVector.Net.Benchmarks\bin\Release\net10.0-windows\SqliteVector.Net.Benchmarks-1/" /p:OutDir="C:\Users\USER\Desktop\Work\SqliteVector.Net\benchmarks\SqliteVector.Net.Benchmarks\bin\Release\net10.0-windows\SqliteVector.Net.Benchmarks-1\bin\Release\net10.0-Windows7.0/" /p:OutputPath="C:\Users\USER\Desktop\Work\SqliteVector.Net\benchmarks\SqliteVector.Net.Benchmarks\bin\Release\net10.0-windows\SqliteVector.Net.Benchmarks-1\bin\Release\net10.0-Windows7.0/" /p:PublishDir="C:\Users\USER\Desktop\Work\SqliteVector.Net\benchmarks\SqliteVector.Net.Benchmarks\bin\Release\net10.0-windows\SqliteVector.Net.Benchmarks-1\publish/" in C:\Users\USER\Desktop\Work\SqliteVector.Net\benchmarks\SqliteVector.Net.Benchmarks\bin\Release\net10.0-windows\SqliteVector.Net.Benchmarks-1
// command took 0.9 sec and exited with 0
// start dotnet  build -c Release --no-restore --nodeReuse:false /p:UseSharedCompilation=false /p:Deterministic=true /p:Optimize=true /p:ArtifactsPath="C:\Users\USER\Desktop\Work\SqliteVector.Net\benchmarks\SqliteVector.Net.Benchmarks\bin\Release\net10.0-windows\SqliteVector.Net.Benchmarks-1/" /p:OutDir="C:\Users\USER\Desktop\Work\SqliteVector.Net\benchmarks\SqliteVector.Net.Benchmarks\bin\Release\net10.0-windows\SqliteVector.Net.Benchmarks-1\bin\Release\net10.0-Windows7.0/" /p:OutputPath="C:\Users\USER\Desktop\Work\SqliteVector.Net\benchmarks\SqliteVector.Net.Benchmarks\bin\Release\net10.0-windows\SqliteVector.Net.Benchmarks-1\bin\Release\net10.0-Windows7.0/" /p:PublishDir="C:\Users\USER\Desktop\Work\SqliteVector.Net\benchmarks\SqliteVector.Net.Benchmarks\bin\Release\net10.0-windows\SqliteVector.Net.Benchmarks-1\publish/" --output "C:\Users\USER\Desktop\Work\SqliteVector.Net\benchmarks\SqliteVector.Net.Benchmarks\bin\Release\net10.0-windows\SqliteVector.Net.Benchmarks-1\bin\Release\net10.0-Windows7.0/" in C:\Users\USER\Desktop\Work\SqliteVector.Net\benchmarks\SqliteVector.Net.Benchmarks\bin\Release\net10.0-windows\SqliteVector.Net.Benchmarks-1
// command took 4.44 sec and exited with 0
// ***** Done, took 00:00:05 (5.4 sec)   *****
// Found 1 benchmarks:
//   VectorSearchBenchmark.Search10000Vectors_Top10: ShortRun(IterationCount=3, LaunchCount=1, WarmupCount=3)

Setup power plan (GUID: 8c5e7fda-e8bf-4a96-9a85-a6e23a8c635c FriendlyName: 고성능)
// **************************
// Benchmark: VectorSearchBenchmark.Search10000Vectors_Top10: ShortRun(IterationCount=3, LaunchCount=1, WarmupCount=3)
// *** Execute ***
// Launch: 1 / 1
// Execute: dotnet SqliteVector.Net.Benchmarks-1.dll --anonymousPipes 1260 1268 --benchmarkName SqliteVector.Net.Benchmarks.VectorSearchBenchmark.Search10000Vectors_Top10 --job ShortRun --benchmarkId 0 in C:\Users\USER\Desktop\Work\SqliteVector.Net\benchmarks\SqliteVector.Net.Benchmarks\bin\Release\net10.0-windows\SqliteVector.Net.Benchmarks-1\bin\Release\net10.0-Windows7.0
// BeforeAnythingElse

// Benchmark Process Environment Information:
// BenchmarkDotNet v0.15.8
// Runtime=.NET 10.0.12 (10.0.12, 10.0.1226.42308), X64 RyuJIT x86-64-v3
// GC=Concurrent Workstation
// HardwareIntrinsics=AVX2+BMI1+BMI2+F16C+FMA+LZCNT+MOVBE,AVX,SSE3+SSSE3+SSE4.1+SSE4.2+POPCNT,X86Base+SSE+SSE2,AES+PCLMUL,AvxVnni,SERIALIZE VectorSize=256
// Job: ShortRun(IterationCount=3, LaunchCount=1, WarmupCount=3)

OverheadJitting  1: 1 op, 129300.00 ns, 129.3000 us/op
No Workload Results were obtained from the run.
// Benchmark Process 39860 has exited with code -1073741819.

// ** Remained 0 (0.0%) benchmark(s) to run. Estimated finish 2026-09-21 14:31 (0h 0m from now) **
Successfully reverted power plan (GUID: 381b4222-f694-41f0-9685-ff5bb260df2e FriendlyName: 균형 조정)
// ***** BenchmarkRunner: Finish  *****

// * Export *
  BenchmarkDotNet.Artifacts\results\SqliteVector.Net.Benchmarks.VectorSearchBenchmark-report.csv
  BenchmarkDotNet.Artifacts\results\SqliteVector.Net.Benchmarks.VectorSearchBenchmark-report-github.md
  BenchmarkDotNet.Artifacts\results\SqliteVector.Net.Benchmarks.VectorSearchBenchmark-report.html

// * Detailed results *
VectorSearchBenchmark.Search10000Vectors_Top10: ShortRun(IterationCount=3, LaunchCount=1, WarmupCount=3)
Runtime = .NET 10.0.12 (10.0.12, 10.0.1226.42308), X64 RyuJIT x86-64-v3; GC = Concurrent Workstation
There are not any results runs

// * Summary *

BenchmarkDotNet v0.15.8, Windows 11 (10.0.26200.9457/25H2/2025Update/HudsonValley2)
Intel Core Ultra 7 270K Plus 3.70GHz, 1 CPU, 24 logical and 24 physical cores
.NET SDK 10.0.401
  [Host]   : .NET 10.0.12 (10.0.12, 10.0.1226.42308), X64 RyuJIT x86-64-v3
  ShortRun : .NET 10.0.12 (10.0.12, 10.0.1226.42308), X64 RyuJIT x86-64-v3

Job=ShortRun  IterationCount=3  LaunchCount=1  
WarmupCount=3  

| Method                   | Mean | Error |
|------------------------- |-----:|------:|
| Search10000Vectors_Top10 |   NA |    NA |

Benchmarks with issues:
  VectorSearchBenchmark.Search10000Vectors_Top10: ShortRun(IterationCount=3, LaunchCount=1, WarmupCount=3)

// * Warnings *
Environment
  Summary -> Detected error exit code from one of the benchmarks. It might be caused by following antivirus software:
        - AhnLab V3 Internet Security 9.0 (C:\Program Files\AhnLab\V3IS90\ASDWsc.exe)
        - Windows Defender (windowsdefender://)
Use InProcessEmitToolchain or InProcessNoEmitToolchain to avoid new process creation.


// * Legends *
  Mean  : Arithmetic mean of all measurements
  Error : Half of 99.9% confidence interval
  1 ns  : 1 Nanosecond (0.000000001 sec)

// * Diagnostic Output - MemoryDiagnoser *


// ***** BenchmarkRunner: End *****
Run time: 00:00:05 (5.69 sec), executed benchmarks: 1

Global total time: 00:00:11 (11.42 sec), executed benchmarks: 1
// * Artifacts cleanup *
Artifacts cleanup is finished
